[13324 - Suricata-Main] 2026-08-31 23:36:01 Notice: suricata: This is Suricata version 8.0.5 RELEASE running in SYSTEM mode
[13324 - Suricata-Main] 2026-08-31 23:36:01 Info: cpu: CPUs/cores online: 4
[13324 - Suricata-Main] 2026-08-31 23:36:01 Info: suricata: Setting engine mode to IDS mode by default
[13324 - Suricata-Main] 2026-08-31 23:36:01 Info: exception-policy: master exception-policy set to: auto
[13324 - Suricata-Main] 2026-08-31 23:36:01 Info: suricata: Preparing unexpected signal handling
[13324 - Suricata-Main] 2026-08-31 23:36:02 Info: logopenfile: fast output device (regular) initialized: fast.log
[13324 - Suricata-Main] 2026-08-31 23:36:02 Info: logopenfile: eve-log output device (regular) initialized: eve.json
[13324 - Suricata-Main] 2026-08-31 23:36:02 Info: logopenfile: stats output device (regular) initialized: stats.log
[13324 - Suricata-Main] 2026-08-31 23:36:29 Info: detect: 2 rule files processed. 51972 rules successfully loaded, 0 rules failed, 0 rules skipped
[13324 - Suricata-Main] 2026-08-31 23:36:29 Info: threshold-config: Threshold config parsed: 0 rule(s) found
[13324 - Suricata-Main] 2026-08-31 23:36:29 Info: detect: 51977 signatures processed. 1314 are IP-only rules, 4505 are inspecting packet payload, 45907 inspect application layer, 110 are decoder event only
[13324 - Suricata-Main] 2026-08-31 23:36:30 Warning: detect: rule 9000020: SYN-only to port(s) 22:22 w/o direction specified, disabling for toclient direction
[13324 - Suricata-Main] 2026-08-31 23:36:30 Warning: detect: rule 9000021: SYN-only to port(s) 21:21 w/o direction specified, disabling for toclient direction
[13324 - Suricata-Main] 2026-08-31 23:36:34 Info: unix-manager: unix socket '/var/run/suricata/suricata-command.socket'
[13324 - Suricata-Main] 2026-08-31 23:36:34 Info: runmodes: docker0: creating 4 threads
[13927 - W#01-docker0] 2026-08-31 23:36:35 Info: ioctl: docker0: MTU 1500
[13324 - Suricata-Main] 2026-08-31 23:36:35 Notice: threads: Threads created -> W: 4 FM: 1 FR: 1   Engine started.
[13324 - Suricata-Main] 2026-08-31 23:54:45 Notice: suricata: Signal Received.  Stopping engine.
[13324 - Suricata-Main] 2026-08-31 23:54:46 Info: suricata: time elapsed 1092.244s
[13324 - Suricata-Main] 2026-08-31 23:54:53 Info: counters: Alerts: 130
[13324 - Suricata-Main] 2026-08-31 23:55:20 Notice: device: docker0: packets: 2419, drops: 1057 (43.70%), invalid chksum: 0
